EN ece281_cpx2_celiano_ha NULL "C:/Users/C17Dominic.Celiano/Documents/Cadet Life/Academics/ECE 281/myGitLab/CE2/ECE281_CPX2_Celiano/ECE281_CPX2_Celiano_HA.vhf" sub00/vhpl04 1421984582
EN ece281_cpx2_celiano_ha_muser_ece281_cpx2_celiano_top NULL "C:/Users/C17Dominic.Celiano/Documents/Cadet Life/Academics/ECE 281/myGitLab/CE2/ECE281_CPX2_Celiano/ECE281_CPX2_Celiano_Top.vhf" sub00/vhpl00 1421984578
EN ece281_cpx2_celiano_top NULL "C:/Users/C17Dominic.Celiano/Documents/Cadet Life/Academics/ECE 281/myGitLab/CE2/ECE281_CPX2_Celiano/ECE281_CPX2_Celiano_Top.vhf" sub00/vhpl02 1421984580
AR ece281_cpx2_celiano_ha_muser_ece281_cpx2_celiano_top behavioral "C:/Users/C17Dominic.Celiano/Documents/Cadet Life/Academics/ECE 281/myGitLab/CE2/ECE281_CPX2_Celiano/ECE281_CPX2_Celiano_Top.vhf" sub00/vhpl01 1421984579
AR ece281_cpx2_celiano_ha behavioral "C:/Users/C17Dominic.Celiano/Documents/Cadet Life/Academics/ECE 281/myGitLab/CE2/ECE281_CPX2_Celiano/ECE281_CPX2_Celiano_HA.vhf" sub00/vhpl05 1421984583
AR ece281_cpx2_celiano_top behavioral "C:/Users/C17Dominic.Celiano/Documents/Cadet Life/Academics/ECE 281/myGitLab/CE2/ECE281_CPX2_Celiano/ECE281_CPX2_Celiano_Top.vhf" sub00/vhpl03 1421984581
