AR ece281_cpx1_celiano_top behavioral "C:/Users/C17Dominic.Celiano/Documents/Cadet Life/Academics/ECE 281/ECE281_CPX1_Celiano/ECE281_CPX1_Celiano_Top.vhf" sub00/vhpl01 1421193025
EN ece281_cpx1_celiano_top NULL "C:/Users/C17Dominic.Celiano/Documents/Cadet Life/Academics/ECE 281/ECE281_CPX1_Celiano/ECE281_CPX1_Celiano_Top.vhf" sub00/vhpl00 1421193024
