V3 5
FL "C:/Users/C17Dominic.Celiano/Documents/Cadet Life/Academics/ECE 281/ECE281_CPX1_Celiano/ECE281_CPX1_Celiano_Top.vhf" 2015/01/13.15:52:54 P.15xf
EN work/ECE281_CPX1_Celiano_Top 1421193024 \
      FL "C:/Users/C17Dominic.Celiano/Documents/Cadet Life/Academics/ECE 281/ECE281_CPX1_Celiano/ECE281_CPX1_Celiano_Top.vhf" \
      PB ieee/std_logic_1164 1335251622 PB ieee/NUMERIC_STD 1335251627 LB UNISIM \
      PH unisim/VCOMPONENTS 1335251629
AR work/ECE281_CPX1_Celiano_Top/BEHAVIORAL 1421193025 \
      FL "C:/Users/C17Dominic.Celiano/Documents/Cadet Life/Academics/ECE 281/ECE281_CPX1_Celiano/ECE281_CPX1_Celiano_Top.vhf" \
      EN work/ECE281_CPX1_Celiano_Top 1421193024 CP BUF
