V3 3
FL "C:/Users/C17Dominic.Celiano/Documents/Cadet Life/Academics/ECE 281/VHDL_Practice/Lsn20.vhd" 2015/03/05.10:16:11 P.15xf
EN work/Lsn20 1425575788 \
      FL "C:/Users/C17Dominic.Celiano/Documents/Cadet Life/Academics/ECE 281/VHDL_Practice/Lsn20.vhd" \
      PB ieee/std_logic_1164 1335251622
AR work/Lsn20/Behavioral 1425575789 \
      FL "C:/Users/C17Dominic.Celiano/Documents/Cadet Life/Academics/ECE 281/VHDL_Practice/Lsn20.vhd" \
      EN work/Lsn20 1425575788
