AR thunderbird_fsm behavioral "C:/Users/C17Dominic.Celiano/Documents/Cadet Life/Academics/ECE 281/myGitLab/Lab3/thunderbird_fsm.vhd" sub00/vhpl01 1426663746
EN clock_divider NULL "C:/Users/C17Dominic.Celiano/Documents/Cadet Life/Academics/ECE 281/clock_divider.vhd" sub00/vhpl02 1426663747
EN thunderbird_fsm NULL "C:/Users/C17Dominic.Celiano/Documents/Cadet Life/Academics/ECE 281/myGitLab/Lab3/thunderbird_fsm.vhd" sub00/vhpl00 1426663745
EN top NULL "C:/Users/C17Dominic.Celiano/Documents/Cadet Life/Academics/ECE 281/myGitLab/Lab3/top.vhd" sub00/vhpl04 1426663749
AR top struct "C:/Users/C17Dominic.Celiano/Documents/Cadet Life/Academics/ECE 281/myGitLab/Lab3/top.vhd" sub00/vhpl05 1426663750
AR clock_divider horrible_method "C:/Users/C17Dominic.Celiano/Documents/Cadet Life/Academics/ECE 281/clock_divider.vhd" sub00/vhpl03 1426663748
